===== ANALYST ling3 2026-09-03 17:20:36 UTC =====
[91m[1mError: [0m{
  "name": "UnknownError",
  "data": {
    "message": "Unexpected server error. Check server logs for details.",
    "ref": "err_2570905a"
  }
}
===== ANALYST ling3 2026-09-03 20:17:13 UTC =====
[91m[1mError: [0m{
  "name": "UnknownError",
  "data": {
    "message": "Unexpected server error. Check server logs for details.",
    "ref": "err_1eeb1af9"
  }
}
===== ANALYST ling3 2026-09-03 22:33:27 UTC =====
[91m[1mError: [0m{
  "name": "UnknownError",
  "data": {
    "message": "Unexpected server error. Check server logs for details.",
    "ref": "err_48f05002"
  }
}
===== ANALYST ling3 2026-09-04 00:50:23 UTC =====
[91m[1mError: [0m{
  "name": "UnknownError",
  "data": {
    "message": "Unexpected server error. Check server logs for details.",
    "ref": "err_d75f3210"
  }
}
===== ANALYST ling3 2026-09-04 05:09:31 UTC =====
[91m[1mError: [0m{
  "name": "UnknownError",
  "data": {
    "message": "Unexpected server error. Check server logs for details.",
    "ref": "err_98774a48"
  }
}
===== ANALYST ling3 2026-09-04 09:52:41 UTC =====
[91m[1mError: [0m{
  "name": "UnknownError",
  "data": {
    "message": "Unexpected server error. Check server logs for details.",
    "ref": "err_5d460a65"
  }
}
===== ANALYST ling3 2026-09-04 14:17:10 UTC =====
[91m[1mError: [0m{
  "name": "UnknownError",
  "data": {
    "message": "Unexpected server error. Check server logs for details.",
    "ref": "err_878ceb8f"
  }
}
===== ANALYST ling3 2026-09-04 17:48:42 UTC =====
[91m[1mError: [0m{
  "name": "UnknownError",
  "data": {
    "message": "Unexpected server error. Check server logs for details.",
    "ref": "err_951575ff"
  }
}
===== ANALYST ling3 2026-09-04 20:05:47 UTC =====
[91m[1mError: [0m{
  "name": "UnknownError",
  "data": {
    "message": "Unexpected server error. Check server logs for details.",
    "ref": "err_496433b4"
  }
}
===== ANALYST ling3 2026-09-04 22:21:10 UTC =====
[91m[1mError: [0m{
  "name": "UnknownError",
  "data": {
    "message": "Unexpected server error. Check server logs for details.",
    "ref": "err_6d80d3f5"
  }
}
===== ANALYST ling3 2026-09-05 00:18:49 UTC =====
[91m[1mError: [0m{
  "name": "UnknownError",
  "data": {
    "message": "Unexpected server error. Check server logs for details.",
    "ref": "err_f586c026"
  }
}
===== ANALYST ling3 2026-09-05 04:44:20 UTC =====
[91m[1mError: [0m{
  "name": "UnknownError",
  "data": {
    "message": "Unexpected server error. Check server logs for details.",
    "ref": "err_2f06a6aa"
  }
}
===== ANALYST ling3 2026-09-05 08:45:49 UTC =====
[91m[1mError: [0m{
  "name": "UnknownError",
  "data": {
    "message": "Unexpected server error. Check server logs for details.",
    "ref": "err_940ef5d8"
  }
}
===== ANALYST ling3 2026-09-05 12:12:08 UTC =====
[91m[1mError: [0m{
  "name": "UnknownError",
  "data": {
    "message": "Unexpected server error. Check server logs for details.",
    "ref": "err_3c35f916"
  }
}
===== ANALYST ling3 2026-09-05 15:25:31 UTC =====
[91m[1mError: [0m{
  "name": "UnknownError",
  "data": {
    "message": "Unexpected server error. Check server logs for details.",
    "ref": "err_d3950197"
  }
}
===== ANALYST ling3 2026-09-05 17:42:02 UTC =====
[91m[1mError: [0m{
  "name": "UnknownError",
  "data": {
    "message": "Unexpected server error. Check server logs for details.",
    "ref": "err_b16106c9"
  }
}
===== ANALYST ling3 2026-09-05 19:37:52 UTC =====
[91m[1mError: [0m{
  "name": "UnknownError",
  "data": {
    "message": "Unexpected server error. Check server logs for details.",
    "ref": "err_6efbb7e6"
  }
}
===== ANALYST ling3 2026-09-05 21:50:48 UTC =====
[91m[1mError: [0m{
  "name": "UnknownError",
  "data": {
    "message": "Unexpected server error. Check server logs for details.",
    "ref": "err_0b7f5e16"
  }
}
===== ANALYST ling3 2026-09-05 23:45:04 UTC =====
[91m[1mError: [0m{
  "name": "UnknownError",
  "data": {
    "message": "Unexpected server error. Check server logs for details.",
    "ref": "err_5e356eec"
  }
}
===== ANALYST ling3 2026-09-06 04:14:13 UTC =====
[91m[1mError: [0m{
  "name": "UnknownError",
  "data": {
    "message": "Unexpected server error. Check server logs for details.",
    "ref": "err_7cd4c92c"
  }
}
===== ANALYST ling3 2026-09-06 08:40:48 UTC =====
[91m[1mError: [0m{
  "name": "UnknownError",
  "data": {
    "message": "Unexpected server error. Check server logs for details.",
    "ref": "err_e4df0be1"
  }
}
===== ANALYST ling3 2026-09-06 12:30:51 UTC =====
[91m[1mError: [0m{
  "name": "UnknownError",
  "data": {
    "message": "Unexpected server error. Check server logs for details.",
    "ref": "err_a6c789fa"
  }
}
===== ANALYST ling3 2026-09-06 15:53:17 UTC =====
[91m[1mError: [0m{
  "name": "UnknownError",
  "data": {
    "message": "Unexpected server error. Check server logs for details.",
    "ref": "err_33689115"
  }
}
===== ANALYST ling3 2026-09-06 17:45:31 UTC =====
[91m[1mError: [0m{
  "name": "UnknownError",
  "data": {
    "message": "Unexpected server error. Check server logs for details.",
    "ref": "err_d7b29604"
  }
}
===== ANALYST ling3 2026-09-06 20:28:47 UTC =====
[91m[1mError: [0m{
  "name": "UnknownError",
  "data": {
    "message": "Unexpected server error. Check server logs for details.",
    "ref": "err_b19abdd8"
  }
}
===== ANALYST ling3 2026-09-06 22:14:00 UTC =====
[91m[1mError: [0m{
  "name": "UnknownError",
  "data": {
    "message": "Unexpected server error. Check server logs for details.",
    "ref": "err_09b3b019"
  }
}
===== ANALYST ling3 2026-09-07 00:12:56 UTC =====
[91m[1mError: [0m{
  "name": "UnknownError",
  "data": {
    "message": "Unexpected server error. Check server logs for details.",
    "ref": "err_d6febd8a"
  }
}
===== ANALYST ling3 2026-09-07 05:00:09 UTC =====
[91m[1mError: [0m{
  "name": "UnknownError",
  "data": {
    "message": "Unexpected server error. Check server logs for details.",
    "ref": "err_2b415a90"
  }
}
===== ANALYST ling3 2026-09-07 10:22:36 UTC =====
[91m[1mError: [0m{
  "name": "UnknownError",
  "data": {
    "message": "Unexpected server error. Check server logs for details.",
    "ref": "err_5a28a462"
  }
}
===== ANALYST ling3 2026-09-07 16:05:44 UTC =====
[91m[1mError: [0m{
  "name": "UnknownError",
  "data": {
    "message": "Unexpected server error. Check server logs for details.",
    "ref": "err_179fc065"
  }
}
===== ANALYST ling3 2026-09-07 19:58:37 UTC =====
[91m[1mError: [0m{
  "name": "UnknownError",
  "data": {
    "message": "Unexpected server error. Check server logs for details.",
    "ref": "err_be801391"
  }
}
===== ANALYST ling3 2026-09-07 22:44:23 UTC =====
[91m[1mError: [0m{
  "name": "UnknownError",
  "data": {
    "message": "Unexpected server error. Check server logs for details.",
    "ref": "err_03ee8df1"
  }
}
===== ANALYST ling3 2026-09-08 01:23:37 UTC =====
[91m[1mError: [0m{
  "name": "UnknownError",
  "data": {
    "message": "Unexpected server error. Check server logs for details.",
    "ref": "err_f1c752dd"
  }
}
===== ANALYST ling3 2026-09-08 06:04:43 UTC =====
[91m[1mError: [0m{
  "name": "UnknownError",
  "data": {
    "message": "Unexpected server error. Check server logs for details.",
    "ref": "err_b6be040a"
  }
}
===== ANALYST ling3 2026-09-08 11:34:37 UTC =====
[91m[1mError: [0m{
  "name": "UnknownError",
  "data": {
    "message": "Unexpected server error. Check server logs for details.",
    "ref": "err_ac56e7f4"
  }
}
===== ANALYST ling3 2026-09-08 15:21:20 UTC =====
[91m[1mError: [0m{
  "name": "UnknownError",
  "data": {
    "message": "Unexpected server error. Check server logs for details.",
    "ref": "err_32c30e09"
  }
}
===== ANALYST ling3 2026-09-08 19:10:20 UTC =====
[91m[1mError: [0m{
  "name": "UnknownError",
  "data": {
    "message": "Unexpected server error. Check server logs for details.",
    "ref": "err_fa9fc93e"
  }
}
===== ANALYST ling3 2026-09-08 21:54:26 UTC =====
[91m[1mError: [0m{
  "name": "UnknownError",
  "data": {
    "message": "Unexpected server error. Check server logs for details.",
    "ref": "err_2dce5162"
  }
}
===== ANALYST ling3 2026-09-09 00:02:49 UTC =====
[91m[1mError: [0m{
  "name": "UnknownError",
  "data": {
    "message": "Unexpected server error. Check server logs for details.",
    "ref": "err_4dfb6369"
  }
}
===== ANALYST ling3 2026-09-09 04:34:03 UTC =====
[91m[1mError: [0m{
  "name": "UnknownError",
  "data": {
    "message": "Unexpected server error. Check server logs for details.",
    "ref": "err_35b6b4a3"
  }
}
===== ANALYST ling3 2026-09-09 09:31:09 UTC =====
[91m[1mError: [0m{
  "name": "UnknownError",
  "data": {
    "message": "Unexpected server error. Check server logs for details.",
    "ref": "err_732bc82c"
  }
}
===== ANALYST ling3 2026-09-09 13:50:39 UTC =====
[91m[1mError: [0m{
  "name": "UnknownError",
  "data": {
    "message": "Unexpected server error. Check server logs for details.",
    "ref": "err_ce115d9d"
  }
}
===== ANALYST ling3 2026-09-09 17:48:05 UTC =====
[91m[1mError: [0m{
  "name": "UnknownError",
  "data": {
    "message": "Unexpected server error. Check server logs for details.",
    "ref": "err_611af28d"
  }
}
===== ANALYST ling3 2026-09-09 21:01:31 UTC =====
[91m[1mError: [0m{
  "name": "UnknownError",
  "data": {
    "message": "Unexpected server error. Check server logs for details.",
    "ref": "err_bb6264e7"
  }
}
===== ANALYST ling3 2026-09-09 23:16:23 UTC =====
[91m[1mError: [0m{
  "name": "UnknownError",
  "data": {
    "message": "Unexpected server error. Check server logs for details.",
    "ref": "err_910d2284"
  }
}
===== ANALYST ling3 2026-09-10 01:13:06 UTC =====
[91m[1mError: [0m{
  "name": "UnknownError",
  "data": {
    "message": "Unexpected server error. Check server logs for details.",
    "ref": "err_2e96318d"
  }
}
===== ANALYST ling3 2026-09-10 06:23:40 UTC =====
[91m[1mError: [0m{
  "name": "UnknownError",
  "data": {
    "message": "Unexpected server error. Check server logs for details.",
    "ref": "err_c945cde9"
  }
}
===== ANALYST ling3 2026-09-10 11:51:37 UTC =====
[91m[1mError: [0m{
  "name": "UnknownError",
  "data": {
    "message": "Unexpected server error. Check server logs for details.",
    "ref": "err_2fb9cd4d"
  }
}
===== ANALYST ling3 2026-09-10 15:11:49 UTC =====
[91m[1mError: [0m{
  "name": "UnknownError",
  "data": {
    "message": "Unexpected server error. Check server logs for details.",
    "ref": "err_221a37f3"
  }
}
===== ANALYST ling3 2026-09-10 18:54:27 UTC =====
[91m[1mError: [0m{
  "name": "UnknownError",
  "data": {
    "message": "Unexpected server error. Check server logs for details.",
    "ref": "err_95797db6"
  }
}
===== ANALYST ling3 2026-09-10 21:17:27 UTC =====
[91m[1mError: [0m{
  "name": "UnknownError",
  "data": {
    "message": "Unexpected server error. Check server logs for details.",
    "ref": "err_1b927e9b"
  }
}
===== ANALYST ling3 2026-09-10 23:19:53 UTC =====
[91m[1mError: [0m{
  "name": "UnknownError",
  "data": {
    "message": "Unexpected server error. Check server logs for details.",
    "ref": "err_80f8d266"
  }
}
===== ANALYST ling3 2026-09-11 01:17:13 UTC =====
[91m[1mError: [0m{
  "name": "UnknownError",
  "data": {
    "message": "Unexpected server error. Check server logs for details.",
    "ref": "err_545abc5b"
  }
}
===== ANALYST ling3 2026-09-11 06:27:39 UTC =====
[91m[1mError: [0m{
  "name": "UnknownError",
  "data": {
    "message": "Unexpected server error. Check server logs for details.",
    "ref": "err_28c1a307"
  }
}
===== ANALYST ling3 2026-09-11 11:38:34 UTC =====
[91m[1mError: [0m{
  "name": "UnknownError",
  "data": {
    "message": "Unexpected server error. Check server logs for details.",
    "ref": "err_fd34adf7"
  }
}
===== ANALYST ling3 2026-09-11 15:25:08 UTC =====
[91m[1mError: [0m{
  "name": "UnknownError",
  "data": {
    "message": "Unexpected server error. Check server logs for details.",
    "ref": "err_b2a36aba"
  }
}
===== ANALYST ling3 2026-09-11 18:41:46 UTC =====
[91m[1mError: [0m{
  "name": "UnknownError",
  "data": {
    "message": "Unexpected server error. Check server logs for details.",
    "ref": "err_2502b7df"
  }
}
===== ANALYST ling3 2026-09-11 21:40:38 UTC =====
[91m[1mError: [0m{
  "name": "UnknownError",
  "data": {
    "message": "Unexpected server error. Check server logs for details.",
    "ref": "err_07b94ea9"
  }
}
===== ANALYST ling3 2026-09-11 23:34:28 UTC =====
[91m[1mError: [0m{
  "name": "UnknownError",
  "data": {
    "message": "Unexpected server error. Check server logs for details.",
    "ref": "err_a736c95d"
  }
}
===== ANALYST ling3 2026-09-12 01:39:05 UTC =====
[91m[1mError: [0m{
  "name": "UnknownError",
  "data": {
    "message": "Unexpected server error. Check server logs for details.",
    "ref": "err_789b9d15"
  }
}
===== ANALYST ling3 2026-09-12 06:34:29 UTC =====
[91m[1mError: [0m{
  "name": "UnknownError",
  "data": {
    "message": "Unexpected server error. Check server logs for details.",
    "ref": "err_9cdefa07"
  }
}
===== ANALYST ling3 2026-09-12 11:21:22 UTC =====
[91m[1mError: [0m{
  "name": "UnknownError",
  "data": {
    "message": "Unexpected server error. Check server logs for details.",
    "ref": "err_802730f6"
  }
}
===== ANALYST ling3 2026-09-12 14:17:41 UTC =====
[91m[1mError: [0m{
  "name": "UnknownError",
  "data": {
    "message": "Unexpected server error. Check server logs for details.",
    "ref": "err_c9e9d687"
  }
}
===== ANALYST ling3 2026-09-12 17:20:20 UTC =====
[91m[1mError: [0m{
  "name": "UnknownError",
  "data": {
    "message": "Unexpected server error. Check server logs for details.",
    "ref": "err_323c98ff"
  }
}
===== ANALYST ling3 2026-09-12 19:43:58 UTC =====
[91m[1mError: [0m{
  "name": "UnknownError",
  "data": {
    "message": "Unexpected server error. Check server logs for details.",
    "ref": "err_16ea31a1"
  }
}
===== ANALYST ling3 2026-09-12 21:52:52 UTC =====
[91m[1mError: [0m{
  "name": "UnknownError",
  "data": {
    "message": "Unexpected server error. Check server logs for details.",
    "ref": "err_93bef15e"
  }
}
===== ANALYST ling3 2026-09-12 23:27:44 UTC =====
[91m[1mError: [0m{
  "name": "UnknownError",
  "data": {
    "message": "Unexpected server error. Check server logs for details.",
    "ref": "err_70b70710"
  }
}
===== ANALYST ling3 2026-09-13 01:28:20 UTC =====
[91m[1mError: [0m{
  "name": "UnknownError",
  "data": {
    "message": "Unexpected server error. Check server logs for details.",
    "ref": "err_747ecdcf"
  }
}
===== ANALYST ling3 2026-09-13 06:52:41 UTC =====
[91m[1mError: [0m{
  "name": "UnknownError",
  "data": {
    "message": "Unexpected server error. Check server logs for details.",
    "ref": "err_b3c8a2dc"
  }
}
===== ANALYST ling3 2026-09-13 12:58:50 UTC =====
[91m[1mError: [0m{
  "name": "UnknownError",
  "data": {
    "message": "Unexpected server error. Check server logs for details.",
    "ref": "err_5803babd"
  }
}
===== ANALYST ling3 2026-09-13 16:51:13 UTC =====
[91m[1mError: [0m{
  "name": "UnknownError",
  "data": {
    "message": "Unexpected server error. Check server logs for details.",
    "ref": "err_be0131fd"
  }
}
===== ANALYST ling3 2026-09-13 19:23:36 UTC =====
[91m[1mError: [0m{
  "name": "UnknownError",
  "data": {
    "message": "Unexpected server error. Check server logs for details.",
    "ref": "err_dfe95a9f"
  }
}
===== ANALYST ling3 2026-09-13 21:29:04 UTC =====
[91m[1mError: [0m{
  "name": "UnknownError",
  "data": {
    "message": "Unexpected server error. Check server logs for details.",
    "ref": "err_c71ccd20"
  }
}
===== ANALYST ling3 2026-09-13 23:33:36 UTC =====
[91m[1mError: [0m{
  "name": "UnknownError",
  "data": {
    "message": "Unexpected server error. Check server logs for details.",
    "ref": "err_aeb28725"
  }
}
===== ANALYST ling3 2026-09-14 01:42:02 UTC =====
[91m[1mError: [0m{
  "name": "UnknownError",
  "data": {
    "message": "Unexpected server error. Check server logs for details.",
    "ref": "err_18ef5b5d"
  }
}
===== ANALYST ling3 2026-09-14 07:30:54 UTC =====
[91m[1mError: [0m{
  "name": "UnknownError",
  "data": {
    "message": "Unexpected server error. Check server logs for details.",
    "ref": "err_be3dfe68"
  }
}
===== ANALYST ling3 2026-09-14 14:37:55 UTC =====
[91m[1mError: [0m{
  "name": "UnknownError",
  "data": {
    "message": "Unexpected server error. Check server logs for details.",
    "ref": "err_83a24a83"
  }
}
===== ANALYST ling3 2026-09-14 19:38:59 UTC =====
[91m[1mError: [0m{
  "name": "UnknownError",
  "data": {
    "message": "Unexpected server error. Check server logs for details.",
    "ref": "err_0bd8e140"
  }
}
===== ANALYST ling3 2026-09-14 22:48:47 UTC =====
[91m[1mError: [0m{
  "name": "UnknownError",
  "data": {
    "message": "Unexpected server error. Check server logs for details.",
    "ref": "err_5c296699"
  }
}
===== ANALYST ling3 2026-09-15 01:21:33 UTC =====
[91m[1mError: [0m{
  "name": "UnknownError",
  "data": {
    "message": "Unexpected server error. Check server logs for details.",
    "ref": "err_cca3005f"
  }
}
===== ANALYST ling3 2026-09-15 06:31:36 UTC =====
[91m[1mError: [0m{
  "name": "UnknownError",
  "data": {
    "message": "Unexpected server error. Check server logs for details.",
    "ref": "err_7c61603c"
  }
}
===== ANALYST ling3 2026-09-15 12:07:26 UTC =====
[91m[1mError: [0m{
  "name": "UnknownError",
  "data": {
    "message": "Unexpected server error. Check server logs for details.",
    "ref": "err_31a45271"
  }
}
===== ANALYST ling3 2026-09-15 16:46:41 UTC =====
[91m[1mError: [0m{
  "name": "UnknownError",
  "data": {
    "message": "Unexpected server error. Check server logs for details.",
    "ref": "err_534421c1"
  }
}
===== ANALYST ling3 2026-09-15 20:25:38 UTC =====
[91m[1mError: [0m{
  "name": "UnknownError",
  "data": {
    "message": "Unexpected server error. Check server logs for details.",
    "ref": "err_30d3b0e4"
  }
}
===== ANALYST ling3 2026-09-15 23:01:55 UTC =====
[91m[1mError: [0m{
  "name": "UnknownError",
  "data": {
    "message": "Unexpected server error. Check server logs for details.",
    "ref": "err_04424c71"
  }
}
===== ANALYST ling3 2026-09-16 01:21:00 UTC =====
[91m[1mError: [0m{
  "name": "UnknownError",
  "data": {
    "message": "Unexpected server error. Check server logs for details.",
    "ref": "err_9b02bbae"
  }
}
===== ANALYST ling3 2026-09-16 06:17:07 UTC =====
[91m[1mError: [0m{
  "name": "UnknownError",
  "data": {
    "message": "Unexpected server error. Check server logs for details.",
    "ref": "err_5de65f98"
  }
}
===== ANALYST ling3 2026-09-16 11:56:47 UTC =====
[91m[1mError: [0m{
  "name": "UnknownError",
  "data": {
    "message": "Unexpected server error. Check server logs for details.",
    "ref": "err_4fa68181"
  }
}
===== ANALYST ling3 2026-09-16 16:39:46 UTC =====
[91m[1mError: [0m{
  "name": "UnknownError",
  "data": {
    "message": "Unexpected server error. Check server logs for details.",
    "ref": "err_d0c45077"
  }
}
===== ANALYST ling3 2026-09-16 20:04:23 UTC =====
[91m[1mError: [0m{
  "name": "UnknownError",
  "data": {
    "message": "Unexpected server error. Check server logs for details.",
    "ref": "err_62bc43bd"
  }
}
===== ANALYST ling3 2026-09-16 22:49:22 UTC =====
[91m[1mError: [0m{
  "name": "UnknownError",
  "data": {
    "message": "Unexpected server error. Check server logs for details.",
    "ref": "err_9b65d719"
  }
}
===== ANALYST ling3 2026-09-17 01:15:05 UTC =====
[91m[1mError: [0m{
  "name": "UnknownError",
  "data": {
    "message": "Unexpected server error. Check server logs for details.",
    "ref": "err_c70b4f78"
  }
}
===== ANALYST ling3 2026-09-17 06:19:25 UTC =====
[91m[1mError: [0m{
  "name": "UnknownError",
  "data": {
    "message": "Unexpected server error. Check server logs for details.",
    "ref": "err_43797dfb"
  }
}
