===== ANALYST nemotron3 2026-09-03 17:20:36 UTC =====
[0m
> build · nemotron-3-ultra-free
[0m
[0m$ [0mls -la /home/runner/work/sipgate-hunt/sipgate-hunt/
total 100
drwxr-xr-x 12 runner runner 4096 Sep  3 17:13 .
drwxr-xr-x  3 runner runner 4096 Sep  3 17:13 ..
drwxr-xr-x  7 runner runner 4096 Sep  3 17:13 .git
drwxr-xr-x  3 runner runner 4096 Sep  3 17:13 .github
-rw-r--r--  1 runner runner 1755 Sep  3 17:13 README.md
-rw-r--r--  1 runner runner   43 Sep  3 17:13 analyst-out.txt
-rw-r--r--  1 runner runner 5677 Sep  3 17:13 analyst-prompt.txt
-rw-r--r--  1 runner runner 1860 Sep  3 17:13 ctx.txt
drwxr-xr-x  2 runner runner 4096 Sep  3 17:13 inventory
drwxr-xr-x  2 runner runner 4096 Sep  3 17:13 knowledge
drwxr-xr-x  2 runner runner 4096 Sep  3 17:13 leads
-rw-r--r--  1 runner runner  145 Sep  3 17:13 probe-results.md
drwxr-xr-x  2 runner runner 4096 Sep  3 17:13 recon-notes
drwxr-xr-x  2 runner runner 4096 Sep  3 17:13 reports
drwxr-xr-x  2 runner runner 4096 Sep  3 17:13 reposcan-raw
-rw-r--r--  1 runner runner 3230 Sep  3 17:13 scope.yml
drwxr-xr-x  2 runner runner 4096 Sep  3 17:13 scripts
-rw-r--r--  1 runner runner   32 Sep  3 17:13 state_bigpickle.json
-rw-r--r--  1 runner runner   32 Sep  3 17:13 state_laguna.json
-rw-r--r--  1 runner runner   32 Sep  3 17:13 state_ling3.json
-rw-r--r--  1 runner runner   32 Sep  3 17:13 state_longcat.json
-rw-r--r--  1 runner runner   33 Sep  3 17:13 state_mimo.json
-rw-r--r--  1 runner runner   32 Sep  3 17:13 state_nemotron3.json
drwxr-xr-x  2 runner runner 4096 Sep  3 17:13 triage
[0m
[0m→ [0mRead scope.yml
[0m→ [0mRead inventory/sipgate.md
[0m→ [0mRead analyst-out.txt
[0m→ [0mRead probe-results.md
[0m✱ [0mGlob "**/*"[90m in leads · 2 matches[0m
[0m✱ [0mGlob "**/*.md"[90m in knowledge · 1 match[0m
[0m→ [0mRead knowledge/index.md
[0m→ [0mRead leads/reposcan-sipgate.md
[0m→ [0mRead leads/lead-mimo.md
[0m
[0m$ [0mcurl -s -I "https://www.sipgate.de" --max-time 10 | head -20
HTTP/2 200 
date: Thu, 03 Sep 2026 17:18:09 GMT
content-type: text/html; charset=UTF-8
cf-ray: a35669789ee1da38-DFW
cf-cache-status: DYNAMIC
server: cloudflare
vary: Accept-Encoding
ki-cf-cache-status: BYPASS
x-content-type-options: nosniff
x-edge-location-klb: 1
ki-cache-type: None
ki-edge: v=28.5.0;mv=99.9.9
ki-origin: g1p
x-kinsta-cache: HIT
set-cookie: __cf_bm=OK8ZJyQSbRpgsvsO4wWIyjDVFvmGG0TxLeKs2bBFYuM-1788455888.7423582-1.0.1.1-uTt7p2vLBVe9Wu8idsJxK26zJAsqmj1W9lrqxNQCVq1VZW1ATPmMV1azHZZEcLFA7eetIIqN41WBLfPGHFFDyk6ARl.zg6.XeAqVJcbPITdTguO0XKPG0c17YqBHTtRM; HttpOnly; SameSite=None; Secure; Path=/; Domain=www.sipgate.de; Expires=Thu, 03 Sep 2026 17:48:09 GMT
report-to: {"group":"cf-nel","max_age":604800,"endpoints":[{"url":"https://a.nel.cloudflare.com/report/v4?s=kUnYhEHUKLJ6d8yUy7dcNG59WE0QEEKr%2Fulr7VFOWxQealA8NNOsmR1gQukkPBek4vcEOAv%2BvkESxSYlv1JpVUbIyi80sPJG6maXcNXt8EhmJiucFTGSU8eHoKqE39c7"}]}
nel: {"report_to":"cf-nel","success_fraction":0.01,"max_age":604800}
alt-svc: h3=":443"; ma=86400
[0m
[0m$ [0mcurl -s -I "https://login.sipgate.com" --max-time 10 | head -20
HTTP/1.1 302 Found
date: Thu, 03 Sep 2026 17:18:09 GMT
server: Apache
content-security-policy: default-src 'self'; style-src 'self' 'unsafe-inline' https://*.google.com fonts.googleapis.com fast.fonts.net; script-src 'self' 'unsafe-inline' https://*.googletagmanager.com https://*.google.com https://connect.facebook.net https://www.google-analytics.com https://www.gstatic.com https://static.sipgate.com; frame-src 'self' https://*.sipgate.com https://www.google.com;child-src 'self' https://*.sipgate.com; font-src 'self' fonts.gstatic.com https://static.sipgate.com data:; connect-src 'self' https://*.sipgate.com; img-src 'self' https://static.sipgate.com data: https://*.gstatic.com https://www.google-analytics.com https://www.facebook.com https://stats.g.doubleclick.net https://*.google.com https://*.google.de;frame-ancestors 'self' https://*.satellite.me https://*.satellite.me:3000 https://*.sipgate.com https://*.sipgate.com:3000 https://*.google.com chrome-extension://jaemdlgbgkndaldpkoacdhdiegopjofa https://hubspot-cti.sipgate.cloud https://*.hubspot.com
x-frame-options: ALLOW-FROM chrome-extension://jaemdlgbgkndaldpkoacdhdiegopjofa/*
location: https://login.sipgate.com/auth/realms/sipgate-apps/protocol/openid-connect/auth?response_type=token&client_id=sipgate-app-web&redirect_uri=https://app.sipgate.com/implicit-auth-redirect?redirect=/
cache-control: max-age=0
expires: Thu, 03 Sep 2026 17:18:09 GMT
content-type: text/html; charset=iso-8859-1
strict-transport-security: max-age=10886400
set-cookie: SERVERID=web-apps-web02; path=/; HttpOnly; Secure
[0m
[0m$ [0mcurl -s -I "https://sipgate.de" --max-time 10 | head -20
HTTP/2 301 
location: https://www.sipgate.de/
date: Thu, 03 Sep 2026 17:18:10 GMT
server: lighttpd/1.4.69
[0m
[0m$ [0mcurl -s -I "https://dev.sipgate.de" --max-time 10 | head -20
(no output)
[0m
[0m$ [0mcurl -s -I "https://mail.sipgate.de" --max-time 10 | head -20
(no output)
[0m
[0m$ [0mcurl -s -I "https://app.sipgate.com" --max-time 10 | head -20
HTTP/2 200 
cache-control: max-age=3600
content-security-policy: default-src 'self' *.sipgate.com *.sipgate.de *.sipgate.co.uk *.sipgate.net; connect-src 'self' *.sipgate.com *.sipgate.com:3396 *.sipgate.net *.sipgate.de *.sipgate.co.uk https://static.sipgate.com wss://*.sipgate.com wss://*.sipgate.de wss://*.sipgate.net wss://*.sipgate.co.uk wss://ws-eu.pusher.com stats.pusher.com sentry.io api-iam.intercom.io nexus-websocket-a.intercom.io nexus-websocket-b.intercom.io wss://nexus-websocket-a.intercom.io wss://nexus-websocket-b.intercom.io *.zopim.com *.zdassets.com *.zendesk.com wss://*.zopim.com https://amp.sipgate.de *.instana.io https://status.sipgate.de/ https://integration.sipgate.cloud https://docs.google.com *.didww.com/v3/public_keys; script-src 'unsafe-eval' 'unsafe-inline' 'self' stats.pusher.com connect.facebook.com connect.facebook.net *.cloudfront.net www.google-analytics.com *.google.com www.googletagmanager.com www.googleadservices.com sjs.bizographics.com bat.bing.com snap.licdn.com *.doubleclick.net *.linkedin.com secure.adnxs.com js.intercomcdn.com widget.intercom.io data: *.zopim.com *.zdassets.com *.instana.io; style-src 'unsafe-inline' 'self' *.google.com firebasestorage.googleapis.com static.sipgate.com data: blob: *.zdassets.com; font-src 'self' fonts.intercomcdn.com js.intercomcdn.com static.sipgate.com data: *.zdassets.com *.zopim.com; frame-src https://www.facebook.com *.sipgate.com *.sipgate.de *.sipgate.co.uk *.google.com https://player.vimeo.com *.zdassets.com *.zopim.com; child-src https://www.facebook.com *.sipgate.com *.sipgate.de *.sipgate.co.uk *.google.com; worker-src 'self' blob:; img-src *.googleusercontent.com *.facebook.com 'self' *.gstatic.com *.sipgate.com *.sipgate.de *.sipgate.co.uk *.sipgate.net firebasestorage.googleapis.com www.google-analytics.com *.doubleclick.net *.google.com *.google.de bat.bing.com *.linkedin.com secure.adnxs.com js.intercomcdn.com downloads.intercomcdn.com static.intercomassets.com data: *.zopim.com *.zdassets.com *.zopim.io; media-src 'self' *.sipgate.com *.sipgate.de *.sipgate.co.uk *.sipgate.net js.intercomcdn.com blob: *.zopim.com *.zdassets.com data:; frame-ancestors 'self' *.sipgate.com *.google.com chrome-extension://jaemdlgbgkndaldpkoacdhdiegopjofa;
content-type: text/html; charset=utf-8
cross-origin-opener-policy: same-origin-allows-popups
etag: "2be478fc9f32a82a541887544366d6d4f11bc2965b2b482ff71f19e10950ade8"
last-modified: Thu, 03 Sep 2026 09:50:24 GMT
strict-transport-security: max-age=31556926
x-content-type-options: nosniff
x-frame-options: ALLOW-FROM chrome-extension://jaemdlgbgkndaldpkoacdhdiegopjofa/* https://*.sipgate.com/* https://*.sipgate.de/* https://*.sipgate.co.uk/*
x-xss-protection: 1; mode=block
accept-ranges: bytes
date: Thu, 03 Sep 2026 17:19:01 GMT
x-served-by: cache-dfw-kdfw8210110-DFW
x-cache: MISS
x-cache-hits: 0
x-timer: S1788455941.189663,VS0,VE164
vary: x-fh-requested-host, accept-encoding
alt-svc: h3=":443";ma=86400,h3-29=":443";ma=86400,h3-27=":443";ma=86400
content-length: 14409
[0m
Now I have a clear picture. Let me run through the 8 steps.

---

**STEP 1 — DELTA**

[NEW] `www.sipgate.de` — 200 OK, Cloudflare fronted marketing site (not in prior inventory as live)
[NEW] `login.sipgate.com` — 302 to Keycloak OIDC auth realm `sipgate-apps`, client `sipgate-app-web`, implicit flow redirect to `app.sipgate.com`
[NEW] `app.sipgate.com` — 200 OK, main SPA (Fastly/CDN), permissive CSP allowing `*.sipgate.com/*.de/*.co.uk/*.net`, WebSocket to `wss://*.sipgate.*`, Pusher, Intercom, Sentry
[NEW] `sipgate.de` — 301 → `www.sipgate.de` (lighttpd)
[CHANGED] `app.sipgate.de` — 301 → `login.sipgate.com` (was nginx redirect target, now confirmed live chain)
[CHANGED] `login.sipgate.de` — 301 → `www.sipgate.de` (was nginx redirect target, now confirmed live chain)
[NEW] `dev.sipgate.de` — no HTTP response (TCP timeout)
[NEW] `mail.sipgate.de` — no HTTP response (CNAME → `ghs.google.com`, Google Workspace)

---

**STEP 2 — PRIORITIZE**

| Asset | attack_surface | business_value | tech_exposure | gate_ease | cloud_surface | freshness | Priority |
|---|---|---|---|---|---|---|---|
| `app.sipgate.com` | 9 | 10 | 9 (OIDC implicit, WS, permissive CSP, Keycloak) | 10 (no auth for initial load) | 8 (Fastly, multi-subdomain WS) | 10 | **9.25** |
| `login.sipgate.com` | 8 | 9 | 8 (Keycloak/OIDC, redirect_uri, state) | 10 (public auth endpoint) | 7 (Apache, Keycloak) | 10 | **8.55** |
| `www.sipgate.de` | 4 | 5 | 3 (static marketing, Cloudflare) | 10 | 6 (Cloudflare) | 8 | **5.15** |

[PRIO] app.sipgate.com,9.25,attack_surface=9 business_value=10 tech_exposure=9 gate_ease=10 cloud_surface=8 freshness=10
[PRIO] login.sipgate.com,8.55,attack_surface=8 business_value=9 tech_exposure=8 gate_ease=10 cloud_surface=7 freshness=10
[PRIO] www.sipgate.de,5.15,attack_surface=4 business_value=5 tech_exposure=3 gate_ease=10 cloud_surface=6 freshness=8

---

**STEP 3 — HYPOTHESES**

[HYP] OIDC Implicit Flow Token Leakage via Referer/History
class: AUTH
asset: login.sipgate.com → app.sipgate.com
confidence: 75
reasoning: login.sipgate.com uses OIDC implicit flow (response_type=token) with redirect_uri=https://app.sipgate.com/implicit-auth-redirect?redirect=/. Access token delivered in URL fragment. Fragment can leak via Referer header on subresource requests, browser history, or if redirect page loads third-party resources.
evidence_needed: Observe fragment handling in implicit-auth-redirect page; check for third-party requests carrying Referer; verify token storage mechanism.
verify_steps: GET https://login.sipgate.com/auth/realms/sipgate-apps/protocol/openid-connect/auth?response_type=token&client_id=sipgate-app-web&redirect_uri=https://app.sipgate.com/implicit-auth-redirect?redirect=/&state=xyz → follow 302 → inspect https://app.sipgate.com/implicit-auth-redirect?redirect=/ for fragment handling, Referer leakage, third-party loads.
impact: Full account takeover via stolen access token; severity HIGH.
testability: PASSIVE

[HYP] WebSocket Origin Validation Bypass on app.sipgate.com
class: AUTH
asset: app.sipgate.com (wss://*.sipgate.com)
confidence: 65
reasoning: CSP allows `connect-src wss://*.sipgate.com wss://*.sipgate.de wss://*.sipgate.net wss://*.sipgate.co.uk`. Wildcard subdomain WS endpoints may exist. If Origin header not validated server-side, cross-subdomain WS hijack possible (e.g., from compromised dev.sipgate.de or subdomain takeover).
evidence_needed: Enumerate WS endpoints; test Origin header validation; check for subdomain takeover candidates.
verify_steps: OPTIONS/GET wss://app.sipgate.com/ (or discovered WS path) with Origin: https://evil.sipgate.com → check handshake acceptance. Passive: inspect JS for WS connection logic and Origin handling.
impact: Real-time message interception/injection, session hijack; severity HIGH.
testability: PASSIVE

[HYP] Keycloak Redirect_URI Validation Bypass on login.sipgate.com
class: OAUTH
asset: login.sipgate.com
confidence: 60
reasoning: Keycloak realm `sipgate-apps` with client `sipgate-app-web` uses implicit flow. If redirect_uri validation uses prefix/suffix match instead of exact match, open redirect on app.sipgate.com or sibling subdomain could steal token.
evidence_needed: Test redirect_uri variants (path traversal, subdomain, encoding); check Keycloak config for exact match enforcement.
verify_steps: GET https://login.sipgate.com/auth/realms/sipgate-apps/protocol/openid-connect/auth?response_type=token&client_id=sipgate-app-web&redirect_uri=https://app.sipgate.com/@evil.com/&state=xyz → observe if accepted. Test redirect_uri=https://evil.sipgate.com/implicit-auth-redirect.
impact: Token theft via open redirect → ATO; severity CRITICAL.
testability: PASSIVE

---

**STEP 4 — SELF-CRITIQUE**

[PARKED] WebSocket Origin Validation Bypass on app.sipgate.com: No concrete WS endpoint discovered yet; CSP allows wildcard but actual endpoints unknown. Need endpoint enumeration first.
[PARKED] Keycloak Redirect_URI Validation Bypass on login.sipgate.com: Requires testing redirect_uri variants which may be considered active auth testing; passive-only verification limited.

[FINAL] 1. OIDC Implicit Flow Token Leakage via Referer/History (confidence 75, PASSIVE verifiable)

---

**STEP 5 — NEXT ACTION**

[NEXT] PROBE: GET https://app.sipgate.com/implicit-auth-redirect?redirect=/ — inspect HTML/JS for fragment handling, token storage, third-party requests, Referer policy.

---

**STEP 6 — LEARNING**

[LEARN] REJECTED network DoS @ app.sipgate.com: Out of scope per program policy.
[LEARN] REJECTED SSL/TLS best practice @ login.sipgate.com: Out of scope.
[LEARN] ACCEPTED AUTH @ login.sipgate.com: OIDC implicit flow with fragment token delivery is in-scope high-value target.

---

**STEP 7 — RISK**

[RISK] sipgate: 78 — High-value VoIP/SaaS platform with OIDC implicit flow, wildcard WS origins, multi-tenant customer dashboards; primary risk is token leakage via fragment/Referer and potential redirect_uri misconfiguration.
