===== ANALYST laguna 2026-09-03 17:20:36 UTC =====
[91m[1mError: [0m{
  "name": "UnknownError",
  "data": {
    "message": "Unexpected server error. Check server logs for details.",
    "ref": "err_cfa6438f"
  }
}
===== ANALYST laguna 2026-09-03 20:17:13 UTC =====
[91m[1mError: [0m{
  "name": "UnknownError",
  "data": {
    "message": "Unexpected server error. Check server logs for details.",
    "ref": "err_c5a3c232"
  }
}
===== ANALYST laguna 2026-09-03 22:33:27 UTC =====
[91m[1mError: [0m{
  "name": "UnknownError",
  "data": {
    "message": "Unexpected server error. Check server logs for details.",
    "ref": "err_ce834364"
  }
}
===== ANALYST laguna 2026-09-04 00:50:23 UTC =====
[91m[1mError: [0m{
  "name": "UnknownError",
  "data": {
    "message": "Unexpected server error. Check server logs for details.",
    "ref": "err_79e098eb"
  }
}
===== ANALYST laguna 2026-09-04 05:09:31 UTC =====
[91m[1mError: [0m{
  "name": "UnknownError",
  "data": {
    "message": "Unexpected server error. Check server logs for details.",
    "ref": "err_820f96f0"
  }
}
===== ANALYST laguna 2026-09-04 09:52:41 UTC =====
[91m[1mError: [0m{
  "name": "UnknownError",
  "data": {
    "message": "Unexpected server error. Check server logs for details.",
    "ref": "err_2de51f4b"
  }
}
===== ANALYST laguna 2026-09-04 14:17:10 UTC =====
[91m[1mError: [0m{
  "name": "UnknownError",
  "data": {
    "message": "Unexpected server error. Check server logs for details.",
    "ref": "err_1f333f7a"
  }
}
===== ANALYST laguna 2026-09-04 17:48:42 UTC =====
[91m[1mError: [0m{
  "name": "UnknownError",
  "data": {
    "message": "Unexpected server error. Check server logs for details.",
    "ref": "err_22aef262"
  }
}
===== ANALYST laguna 2026-09-04 20:05:47 UTC =====
[91m[1mError: [0m{
  "name": "UnknownError",
  "data": {
    "message": "Unexpected server error. Check server logs for details.",
    "ref": "err_4009328f"
  }
}
===== ANALYST laguna 2026-09-04 22:21:10 UTC =====
[91m[1mError: [0m{
  "name": "UnknownError",
  "data": {
    "message": "Unexpected server error. Check server logs for details.",
    "ref": "err_16f36945"
  }
}
===== ANALYST laguna 2026-09-05 00:18:49 UTC =====
[91m[1mError: [0m{
  "name": "UnknownError",
  "data": {
    "message": "Unexpected server error. Check server logs for details.",
    "ref": "err_e8058aba"
  }
}
===== ANALYST laguna 2026-09-05 04:44:20 UTC =====
[91m[1mError: [0m{
  "name": "UnknownError",
  "data": {
    "message": "Unexpected server error. Check server logs for details.",
    "ref": "err_1cace275"
  }
}
===== ANALYST laguna 2026-09-05 08:45:49 UTC =====
[91m[1mError: [0m{
  "name": "UnknownError",
  "data": {
    "message": "Unexpected server error. Check server logs for details.",
    "ref": "err_0fc9387d"
  }
}
===== ANALYST laguna 2026-09-05 12:12:08 UTC =====
[91m[1mError: [0m{
  "name": "UnknownError",
  "data": {
    "message": "Unexpected server error. Check server logs for details.",
    "ref": "err_113536e7"
  }
}
===== ANALYST laguna 2026-09-05 15:25:31 UTC =====
[91m[1mError: [0m{
  "name": "UnknownError",
  "data": {
    "message": "Unexpected server error. Check server logs for details.",
    "ref": "err_35d4257d"
  }
}
===== ANALYST laguna 2026-09-05 17:42:02 UTC =====
[91m[1mError: [0m{
  "name": "UnknownError",
  "data": {
    "message": "Unexpected server error. Check server logs for details.",
    "ref": "err_4cfb4005"
  }
}
===== ANALYST laguna 2026-09-05 19:37:52 UTC =====
[91m[1mError: [0m{
  "name": "UnknownError",
  "data": {
    "message": "Unexpected server error. Check server logs for details.",
    "ref": "err_628fd74f"
  }
}
===== ANALYST laguna 2026-09-05 21:50:48 UTC =====
[91m[1mError: [0m{
  "name": "UnknownError",
  "data": {
    "message": "Unexpected server error. Check server logs for details.",
    "ref": "err_a9bd1db3"
  }
}
===== ANALYST laguna 2026-09-05 23:45:04 UTC =====
[91m[1mError: [0m{
  "name": "UnknownError",
  "data": {
    "message": "Unexpected server error. Check server logs for details.",
    "ref": "err_5b30b938"
  }
}
===== ANALYST laguna 2026-09-06 04:14:13 UTC =====
[91m[1mError: [0m{
  "name": "UnknownError",
  "data": {
    "message": "Unexpected server error. Check server logs for details.",
    "ref": "err_1ed7d736"
  }
}
===== ANALYST laguna 2026-09-06 08:40:48 UTC =====
[91m[1mError: [0m{
  "name": "UnknownError",
  "data": {
    "message": "Unexpected server error. Check server logs for details.",
    "ref": "err_fa2eb3bf"
  }
}
===== ANALYST laguna 2026-09-06 12:30:51 UTC =====
[91m[1mError: [0m{
  "name": "UnknownError",
  "data": {
    "message": "Unexpected server error. Check server logs for details.",
    "ref": "err_2882662b"
  }
}
===== ANALYST laguna 2026-09-06 15:53:17 UTC =====
[91m[1mError: [0m{
  "name": "UnknownError",
  "data": {
    "message": "Unexpected server error. Check server logs for details.",
    "ref": "err_9c4d490c"
  }
}
===== ANALYST laguna 2026-09-06 17:45:31 UTC =====
[91m[1mError: [0m{
  "name": "UnknownError",
  "data": {
    "message": "Unexpected server error. Check server logs for details.",
    "ref": "err_a380826c"
  }
}
===== ANALYST laguna 2026-09-06 20:28:47 UTC =====
[91m[1mError: [0m{
  "name": "UnknownError",
  "data": {
    "message": "Unexpected server error. Check server logs for details.",
    "ref": "err_829ea9af"
  }
}
===== ANALYST laguna 2026-09-06 22:14:00 UTC =====
[91m[1mError: [0m{
  "name": "UnknownError",
  "data": {
    "message": "Unexpected server error. Check server logs for details.",
    "ref": "err_159c8fbf"
  }
}
===== ANALYST laguna 2026-09-07 00:12:56 UTC =====
[91m[1mError: [0m{
  "name": "UnknownError",
  "data": {
    "message": "Unexpected server error. Check server logs for details.",
    "ref": "err_0073d890"
  }
}
===== ANALYST laguna 2026-09-07 05:00:09 UTC =====
[91m[1mError: [0m{
  "name": "UnknownError",
  "data": {
    "message": "Unexpected server error. Check server logs for details.",
    "ref": "err_42fbefde"
  }
}
===== ANALYST laguna 2026-09-07 10:22:36 UTC =====
[91m[1mError: [0m{
  "name": "UnknownError",
  "data": {
    "message": "Unexpected server error. Check server logs for details.",
    "ref": "err_26eb8a11"
  }
}
===== ANALYST laguna 2026-09-07 16:05:44 UTC =====
[91m[1mError: [0m{
  "name": "UnknownError",
  "data": {
    "message": "Unexpected server error. Check server logs for details.",
    "ref": "err_e61a53a8"
  }
}
===== ANALYST laguna 2026-09-07 19:58:37 UTC =====
[91m[1mError: [0m{
  "name": "UnknownError",
  "data": {
    "message": "Unexpected server error. Check server logs for details.",
    "ref": "err_594d43ff"
  }
}
===== ANALYST laguna 2026-09-07 22:44:23 UTC =====
[91m[1mError: [0m{
  "name": "UnknownError",
  "data": {
    "message": "Unexpected server error. Check server logs for details.",
    "ref": "err_80d8f5bd"
  }
}
===== ANALYST laguna 2026-09-08 01:23:37 UTC =====
[91m[1mError: [0m{
  "name": "UnknownError",
  "data": {
    "message": "Unexpected server error. Check server logs for details.",
    "ref": "err_6eff4e2c"
  }
}
===== ANALYST laguna 2026-09-08 06:04:43 UTC =====
[91m[1mError: [0m{
  "name": "UnknownError",
  "data": {
    "message": "Unexpected server error. Check server logs for details.",
    "ref": "err_eeb96687"
  }
}
===== ANALYST laguna 2026-09-08 11:34:37 UTC =====
[91m[1mError: [0m{
  "name": "UnknownError",
  "data": {
    "message": "Unexpected server error. Check server logs for details.",
    "ref": "err_afa84871"
  }
}
===== ANALYST laguna 2026-09-08 15:21:20 UTC =====
[91m[1mError: [0m{
  "name": "UnknownError",
  "data": {
    "message": "Unexpected server error. Check server logs for details.",
    "ref": "err_e4e6ce7f"
  }
}
===== ANALYST laguna 2026-09-08 19:10:20 UTC =====
[91m[1mError: [0m{
  "name": "UnknownError",
  "data": {
    "message": "Unexpected server error. Check server logs for details.",
    "ref": "err_077f66d9"
  }
}
===== ANALYST laguna 2026-09-08 21:54:26 UTC =====
[91m[1mError: [0m{
  "name": "UnknownError",
  "data": {
    "message": "Unexpected server error. Check server logs for details.",
    "ref": "err_9c2ee5ee"
  }
}
===== ANALYST laguna 2026-09-09 00:02:49 UTC =====
[91m[1mError: [0m{
  "name": "UnknownError",
  "data": {
    "message": "Unexpected server error. Check server logs for details.",
    "ref": "err_2efa7b27"
  }
}
===== ANALYST laguna 2026-09-09 04:34:03 UTC =====
[91m[1mError: [0m{
  "name": "UnknownError",
  "data": {
    "message": "Unexpected server error. Check server logs for details.",
    "ref": "err_e8d25210"
  }
}
===== ANALYST laguna 2026-09-09 09:31:09 UTC =====
[91m[1mError: [0m{
  "name": "UnknownError",
  "data": {
    "message": "Unexpected server error. Check server logs for details.",
    "ref": "err_2d316949"
  }
}
===== ANALYST laguna 2026-09-09 13:50:39 UTC =====
[91m[1mError: [0m{
  "name": "UnknownError",
  "data": {
    "message": "Unexpected server error. Check server logs for details.",
    "ref": "err_097ef379"
  }
}
===== ANALYST laguna 2026-09-09 17:48:05 UTC =====
[91m[1mError: [0m{
  "name": "UnknownError",
  "data": {
    "message": "Unexpected server error. Check server logs for details.",
    "ref": "err_1f2bed1d"
  }
}
===== ANALYST laguna 2026-09-09 21:01:31 UTC =====
[91m[1mError: [0m{
  "name": "UnknownError",
  "data": {
    "message": "Unexpected server error. Check server logs for details.",
    "ref": "err_d296cde6"
  }
}
===== ANALYST laguna 2026-09-09 23:16:23 UTC =====
[91m[1mError: [0m{
  "name": "UnknownError",
  "data": {
    "message": "Unexpected server error. Check server logs for details.",
    "ref": "err_d486e7df"
  }
}
===== ANALYST laguna 2026-09-10 01:13:06 UTC =====
[91m[1mError: [0m{
  "name": "UnknownError",
  "data": {
    "message": "Unexpected server error. Check server logs for details.",
    "ref": "err_a024858a"
  }
}
===== ANALYST laguna 2026-09-10 06:23:40 UTC =====
[91m[1mError: [0m{
  "name": "UnknownError",
  "data": {
    "message": "Unexpected server error. Check server logs for details.",
    "ref": "err_724af1e6"
  }
}
===== ANALYST laguna 2026-09-10 11:51:37 UTC =====
[91m[1mError: [0m{
  "name": "UnknownError",
  "data": {
    "message": "Unexpected server error. Check server logs for details.",
    "ref": "err_92343868"
  }
}
===== ANALYST laguna 2026-09-10 15:11:49 UTC =====
[91m[1mError: [0m{
  "name": "UnknownError",
  "data": {
    "message": "Unexpected server error. Check server logs for details.",
    "ref": "err_e7d95e5c"
  }
}
===== ANALYST laguna 2026-09-10 18:54:27 UTC =====
[91m[1mError: [0m{
  "name": "UnknownError",
  "data": {
    "message": "Unexpected server error. Check server logs for details.",
    "ref": "err_bb4e683a"
  }
}
===== ANALYST laguna 2026-09-10 21:17:27 UTC =====
[91m[1mError: [0m{
  "name": "UnknownError",
  "data": {
    "message": "Unexpected server error. Check server logs for details.",
    "ref": "err_ff6d50d7"
  }
}
===== ANALYST laguna 2026-09-10 23:19:53 UTC =====
[91m[1mError: [0m{
  "name": "UnknownError",
  "data": {
    "message": "Unexpected server error. Check server logs for details.",
    "ref": "err_c46d34a2"
  }
}
===== ANALYST laguna 2026-09-11 01:17:13 UTC =====
[91m[1mError: [0m{
  "name": "UnknownError",
  "data": {
    "message": "Unexpected server error. Check server logs for details.",
    "ref": "err_0dec5a77"
  }
}
===== ANALYST laguna 2026-09-11 06:27:39 UTC =====
[91m[1mError: [0m{
  "name": "UnknownError",
  "data": {
    "message": "Unexpected server error. Check server logs for details.",
    "ref": "err_868ad904"
  }
}
===== ANALYST laguna 2026-09-11 11:38:34 UTC =====
[91m[1mError: [0m{
  "name": "UnknownError",
  "data": {
    "message": "Unexpected server error. Check server logs for details.",
    "ref": "err_87add8cb"
  }
}
===== ANALYST laguna 2026-09-11 15:25:08 UTC =====
[91m[1mError: [0m{
  "name": "UnknownError",
  "data": {
    "message": "Unexpected server error. Check server logs for details.",
    "ref": "err_6c3e5e4d"
  }
}
===== ANALYST laguna 2026-09-11 18:41:46 UTC =====
[91m[1mError: [0m{
  "name": "UnknownError",
  "data": {
    "message": "Unexpected server error. Check server logs for details.",
    "ref": "err_9dded3c1"
  }
}
===== ANALYST laguna 2026-09-11 21:40:38 UTC =====
[91m[1mError: [0m{
  "name": "UnknownError",
  "data": {
    "message": "Unexpected server error. Check server logs for details.",
    "ref": "err_91c1f309"
  }
}
===== ANALYST laguna 2026-09-11 23:34:28 UTC =====
[91m[1mError: [0m{
  "name": "UnknownError",
  "data": {
    "message": "Unexpected server error. Check server logs for details.",
    "ref": "err_82807af2"
  }
}
===== ANALYST laguna 2026-09-12 01:39:05 UTC =====
[91m[1mError: [0m{
  "name": "UnknownError",
  "data": {
    "message": "Unexpected server error. Check server logs for details.",
    "ref": "err_3d00e027"
  }
}
===== ANALYST laguna 2026-09-12 06:34:29 UTC =====
[91m[1mError: [0m{
  "name": "UnknownError",
  "data": {
    "message": "Unexpected server error. Check server logs for details.",
    "ref": "err_08c81087"
  }
}
===== ANALYST laguna 2026-09-12 11:21:22 UTC =====
[91m[1mError: [0m{
  "name": "UnknownError",
  "data": {
    "message": "Unexpected server error. Check server logs for details.",
    "ref": "err_10a902d9"
  }
}
===== ANALYST laguna 2026-09-12 14:17:41 UTC =====
[91m[1mError: [0m{
  "name": "UnknownError",
  "data": {
    "message": "Unexpected server error. Check server logs for details.",
    "ref": "err_1ed20240"
  }
}
===== ANALYST laguna 2026-09-12 17:20:20 UTC =====
[91m[1mError: [0m{
  "name": "UnknownError",
  "data": {
    "message": "Unexpected server error. Check server logs for details.",
    "ref": "err_1eba6c8a"
  }
}
===== ANALYST laguna 2026-09-12 19:43:58 UTC =====
[91m[1mError: [0m{
  "name": "UnknownError",
  "data": {
    "message": "Unexpected server error. Check server logs for details.",
    "ref": "err_96def108"
  }
}
===== ANALYST laguna 2026-09-12 21:52:52 UTC =====
[91m[1mError: [0m{
  "name": "UnknownError",
  "data": {
    "message": "Unexpected server error. Check server logs for details.",
    "ref": "err_f11e6387"
  }
}
===== ANALYST laguna 2026-09-12 23:27:44 UTC =====
[91m[1mError: [0m{
  "name": "UnknownError",
  "data": {
    "message": "Unexpected server error. Check server logs for details.",
    "ref": "err_b0fd352d"
  }
}
===== ANALYST laguna 2026-09-13 01:28:20 UTC =====
[91m[1mError: [0m{
  "name": "UnknownError",
  "data": {
    "message": "Unexpected server error. Check server logs for details.",
    "ref": "err_387bb59c"
  }
}
===== ANALYST laguna 2026-09-13 06:52:41 UTC =====
[91m[1mError: [0m{
  "name": "UnknownError",
  "data": {
    "message": "Unexpected server error. Check server logs for details.",
    "ref": "err_8ac30c50"
  }
}
===== ANALYST laguna 2026-09-13 12:58:50 UTC =====
[91m[1mError: [0m{
  "name": "UnknownError",
  "data": {
    "message": "Unexpected server error. Check server logs for details.",
    "ref": "err_ebc63e6e"
  }
}
===== ANALYST laguna 2026-09-13 16:51:13 UTC =====
[91m[1mError: [0m{
  "name": "UnknownError",
  "data": {
    "message": "Unexpected server error. Check server logs for details.",
    "ref": "err_646a1171"
  }
}
===== ANALYST laguna 2026-09-13 19:23:36 UTC =====
[91m[1mError: [0m{
  "name": "UnknownError",
  "data": {
    "message": "Unexpected server error. Check server logs for details.",
    "ref": "err_5754bcc1"
  }
}
===== ANALYST laguna 2026-09-13 21:29:04 UTC =====
[91m[1mError: [0m{
  "name": "UnknownError",
  "data": {
    "message": "Unexpected server error. Check server logs for details.",
    "ref": "err_0d2a33c4"
  }
}
===== ANALYST laguna 2026-09-13 23:33:36 UTC =====
[91m[1mError: [0m{
  "name": "UnknownError",
  "data": {
    "message": "Unexpected server error. Check server logs for details.",
    "ref": "err_ffbe795e"
  }
}
===== ANALYST laguna 2026-09-14 01:42:02 UTC =====
[91m[1mError: [0m{
  "name": "UnknownError",
  "data": {
    "message": "Unexpected server error. Check server logs for details.",
    "ref": "err_2d56ab36"
  }
}
===== ANALYST laguna 2026-09-14 07:30:54 UTC =====
[91m[1mError: [0m{
  "name": "UnknownError",
  "data": {
    "message": "Unexpected server error. Check server logs for details.",
    "ref": "err_4a7c2dad"
  }
}
===== ANALYST laguna 2026-09-14 14:37:55 UTC =====
[91m[1mError: [0m{
  "name": "UnknownError",
  "data": {
    "message": "Unexpected server error. Check server logs for details.",
    "ref": "err_57302bd1"
  }
}
===== ANALYST laguna 2026-09-14 19:38:59 UTC =====
[91m[1mError: [0m{
  "name": "UnknownError",
  "data": {
    "message": "Unexpected server error. Check server logs for details.",
    "ref": "err_ddc33974"
  }
}
===== ANALYST laguna 2026-09-14 22:48:47 UTC =====
[91m[1mError: [0m{
  "name": "UnknownError",
  "data": {
    "message": "Unexpected server error. Check server logs for details.",
    "ref": "err_e1527bff"
  }
}
===== ANALYST laguna 2026-09-15 01:21:33 UTC =====
[91m[1mError: [0m{
  "name": "UnknownError",
  "data": {
    "message": "Unexpected server error. Check server logs for details.",
    "ref": "err_61be9549"
  }
}
===== ANALYST laguna 2026-09-15 06:31:36 UTC =====
[91m[1mError: [0m{
  "name": "UnknownError",
  "data": {
    "message": "Unexpected server error. Check server logs for details.",
    "ref": "err_beb7b5e9"
  }
}
===== ANALYST laguna 2026-09-15 12:07:26 UTC =====
[91m[1mError: [0m{
  "name": "UnknownError",
  "data": {
    "message": "Unexpected server error. Check server logs for details.",
    "ref": "err_92c2cbed"
  }
}
===== ANALYST laguna 2026-09-15 16:46:41 UTC =====
[91m[1mError: [0m{
  "name": "UnknownError",
  "data": {
    "message": "Unexpected server error. Check server logs for details.",
    "ref": "err_abdfeaf2"
  }
}
===== ANALYST laguna 2026-09-15 20:25:38 UTC =====
[91m[1mError: [0m{
  "name": "UnknownError",
  "data": {
    "message": "Unexpected server error. Check server logs for details.",
    "ref": "err_30b93697"
  }
}
===== ANALYST laguna 2026-09-15 23:01:55 UTC =====
[91m[1mError: [0m{
  "name": "UnknownError",
  "data": {
    "message": "Unexpected server error. Check server logs for details.",
    "ref": "err_6cdae512"
  }
}
===== ANALYST laguna 2026-09-16 01:21:00 UTC =====
[91m[1mError: [0m{
  "name": "UnknownError",
  "data": {
    "message": "Unexpected server error. Check server logs for details.",
    "ref": "err_6350795c"
  }
}
===== ANALYST laguna 2026-09-16 06:17:07 UTC =====
[91m[1mError: [0m{
  "name": "UnknownError",
  "data": {
    "message": "Unexpected server error. Check server logs for details.",
    "ref": "err_e354d167"
  }
}
===== ANALYST laguna 2026-09-16 11:56:47 UTC =====
[91m[1mError: [0m{
  "name": "UnknownError",
  "data": {
    "message": "Unexpected server error. Check server logs for details.",
    "ref": "err_f4d5e1b1"
  }
}
===== ANALYST laguna 2026-09-16 16:39:46 UTC =====
[91m[1mError: [0m{
  "name": "UnknownError",
  "data": {
    "message": "Unexpected server error. Check server logs for details.",
    "ref": "err_1f55cc19"
  }
}
===== ANALYST laguna 2026-09-16 20:04:23 UTC =====
[91m[1mError: [0m{
  "name": "UnknownError",
  "data": {
    "message": "Unexpected server error. Check server logs for details.",
    "ref": "err_1991e779"
  }
}
===== ANALYST laguna 2026-09-16 22:49:22 UTC =====
[91m[1mError: [0m{
  "name": "UnknownError",
  "data": {
    "message": "Unexpected server error. Check server logs for details.",
    "ref": "err_8e1f1088"
  }
}
===== ANALYST laguna 2026-09-17 01:15:05 UTC =====
[91m[1mError: [0m{
  "name": "UnknownError",
  "data": {
    "message": "Unexpected server error. Check server logs for details.",
    "ref": "err_32b841d3"
  }
}
===== ANALYST laguna 2026-09-17 06:19:25 UTC =====
[91m[1mError: [0m{
  "name": "UnknownError",
  "data": {
    "message": "Unexpected server error. Check server logs for details.",
    "ref": "err_d34fde4a"
  }
}
===== ANALYST laguna 2026-09-17 11:58:39 UTC =====
[91m[1mError: [0m{
  "name": "UnknownError",
  "data": {
    "message": "Unexpected server error. Check server logs for details.",
    "ref": "err_b9b506e3"
  }
}
===== ANALYST laguna 2026-09-17 16:43:11 UTC =====
[91m[1mError: [0m{
  "name": "UnknownError",
  "data": {
    "message": "Unexpected server error. Check server logs for details.",
    "ref": "err_4bd02910"
  }
}
===== ANALYST laguna 2026-09-17 20:00:13 UTC =====
[91m[1mError: [0m{
  "name": "UnknownError",
  "data": {
    "message": "Unexpected server error. Check server logs for details.",
    "ref": "err_bbe865de"
  }
}
===== ANALYST laguna 2026-09-17 22:46:21 UTC =====
[91m[1mError: [0m{
  "name": "UnknownError",
  "data": {
    "message": "Unexpected server error. Check server logs for details.",
    "ref": "err_85fa7332"
  }
}
===== ANALYST laguna 2026-09-18 01:15:54 UTC =====
[91m[1mError: [0m{
  "name": "UnknownError",
  "data": {
    "message": "Unexpected server error. Check server logs for details.",
    "ref": "err_825805c4"
  }
}
===== ANALYST laguna 2026-09-18 06:05:37 UTC =====
[91m[1mError: [0m{
  "name": "UnknownError",
  "data": {
    "message": "Unexpected server error. Check server logs for details.",
    "ref": "err_fef1c24f"
  }
}
===== ANALYST laguna 2026-09-18 11:37:19 UTC =====
[91m[1mError: [0m{
  "name": "UnknownError",
  "data": {
    "message": "Unexpected server error. Check server logs for details.",
    "ref": "err_14617650"
  }
}
===== ANALYST laguna 2026-09-18 15:18:50 UTC =====
[91m[1mError: [0m{
  "name": "UnknownError",
  "data": {
    "message": "Unexpected server error. Check server logs for details.",
    "ref": "err_6145e78e"
  }
}
===== ANALYST laguna 2026-09-18 18:38:50 UTC =====
[91m[1mError: [0m{
  "name": "UnknownError",
  "data": {
    "message": "Unexpected server error. Check server logs for details.",
    "ref": "err_574ed248"
  }
}
