===== ANALYST longcat 2026-09-03 17:20:36 UTC =====
[91m[1mError: [0m{
  "name": "UnknownError",
  "data": {
    "message": "Unexpected server error. Check server logs for details.",
    "ref": "err_7f3bc8d2"
  }
}
===== ANALYST longcat 2026-09-03 20:17:13 UTC =====
[91m[1mError: [0m{
  "name": "UnknownError",
  "data": {
    "message": "Unexpected server error. Check server logs for details.",
    "ref": "err_fa84c073"
  }
}
===== ANALYST longcat 2026-09-03 22:33:27 UTC =====
[91m[1mError: [0m{
  "name": "UnknownError",
  "data": {
    "message": "Unexpected server error. Check server logs for details.",
    "ref": "err_41695fc2"
  }
}
===== ANALYST longcat 2026-09-04 00:50:23 UTC =====
[91m[1mError: [0m{
  "name": "UnknownError",
  "data": {
    "message": "Unexpected server error. Check server logs for details.",
    "ref": "err_51d2920a"
  }
}
===== ANALYST longcat 2026-09-04 05:09:31 UTC =====
[91m[1mError: [0m{
  "name": "UnknownError",
  "data": {
    "message": "Unexpected server error. Check server logs for details.",
    "ref": "err_18a6d4cb"
  }
}
===== ANALYST longcat 2026-09-04 09:52:41 UTC =====
[91m[1mError: [0m{
  "name": "UnknownError",
  "data": {
    "message": "Unexpected server error. Check server logs for details.",
    "ref": "err_bfcb41d4"
  }
}
===== ANALYST longcat 2026-09-04 14:17:10 UTC =====
[91m[1mError: [0m{
  "name": "UnknownError",
  "data": {
    "message": "Unexpected server error. Check server logs for details.",
    "ref": "err_dc49a2c8"
  }
}
===== ANALYST longcat 2026-09-04 17:48:42 UTC =====
[91m[1mError: [0m{
  "name": "UnknownError",
  "data": {
    "message": "Unexpected server error. Check server logs for details.",
    "ref": "err_5d6d1bd5"
  }
}
